1.48 minutes

chunk             PPL               ln(PPL(Q)/PPL(base))          KL Divergence              Δp RMS            Same top p
   1       2.7806 ±    0.0918       0.03392 ±    0.00695       0.05113 ±    0.00391     8.065 ±  0.375 %    93.724 ±  0.379 %
   2       2.3989 ±    0.0499       0.01693 ±    0.00391       0.03503 ±    0.00202     6.777 ±  0.240 %    94.982 ±  0.241 %
   3       2.8697 ±    0.0509       0.01080 ±    0.00277       0.02812 ±    0.00136     5.940 ±  0.185 %    94.799 ±  0.200 %

====== Perplexity statistics ======
Mean PPL(Q)                   :   2.869663 ±   0.050905
Mean PPL(base)                :   2.838848 ±   0.049993
Cor(ln(PPL(Q)), ln(PPL(base))):  98.77%
Mean ln(PPL(Q)/PPL(base))     :   0.010796 ±   0.002770
Mean PPL(Q)/PPL(base)         :   1.010855 ±   0.002800
Mean PPL(Q)-PPL(base)         :   0.030815 ±   0.007949

====== KL divergence statistics ======
Mean    KLD:   0.028122 ±   0.001358
Maximum KLD:   8.331932
99.9%   KLD:   1.296376
99.0%   KLD:   0.368265
95.0%   KLD:   0.110035
90.0%   KLD:   0.056282
Median  KLD:   0.003401
10.0%   KLD:   0.000017
 5.0%   KLD:   0.000005
 1.0%   KLD:  -0.000000
 0.1%   KLD:  -0.000016
Minimum KLD:  -0.000069

====== Token probability statistics ======
Mean    Δp: -0.096 ± 0.054 %
Maximum Δp: 94.986%
99.9%   Δp: 40.066%
99.0%   Δp: 19.265%
95.0%   Δp:  6.400%
90.0%   Δp:  3.109%
75.0%   Δp:  0.320%
Median  Δp:  0.000%
25.0%   Δp: -0.391%
10.0%   Δp: -3.451%
 5.0%   Δp: -6.969%
 1.0%   Δp: -19.748%
 0.1%   Δp: -44.892%
Minimum Δp: -99.112%
RMS Δp    :  5.940 ± 0.185 %
Same top p: 94.799 ± 0.200 %

