1.32 minutes

chunk             PPL               ln(PPL(Q)/PPL(base))          KL Divergence              Δp RMS            Same top p
   1       2.7895 ±    0.0931       0.03713 ±    0.00774       0.06843 ±    0.00355     9.378 ±  0.330 %    92.796 ±  0.404 %
   2       2.4110 ±    0.0506       0.02198 ±    0.00452       0.04958 ±    0.00189     8.151 ±  0.213 %    93.736 ±  0.268 %
   3       2.8784 ±    0.0513       0.01382 ±    0.00328       0.04089 ±    0.00130     7.211 ±  0.168 %    93.708 ±  0.219 %

====== Perplexity statistics ======
Mean PPL(Q)                   :   2.878361 ±   0.051268
Mean PPL(base)                :   2.838848 ±   0.049993
Cor(ln(PPL(Q)), ln(PPL(base))):  98.29%
Mean ln(PPL(Q)/PPL(base))     :   0.013823 ±   0.003277
Mean PPL(Q)/PPL(base)         :   1.013919 ±   0.003322
Mean PPL(Q)-PPL(base)         :   0.039513 ±   0.009436

====== KL divergence statistics ======
Mean    KLD:   0.040891 ±   0.001303
Maximum KLD:   8.114074
99.9%   KLD:   1.601888
99.0%   KLD:   0.536136
95.0%   KLD:   0.177635
90.0%   KLD:   0.093882
Median  KLD:   0.005520
10.0%   KLD:   0.000032
 5.0%   KLD:   0.000009
 1.0%   KLD:   0.000001
 0.1%   KLD:  -0.000006
Minimum KLD:  -0.000046

====== Token probability statistics ======
Mean    Δp: -0.077 ± 0.065 %
Maximum Δp: 80.272%
99.9%   Δp: 53.165%
99.0%   Δp: 24.741%
95.0%   Δp:  8.509%
90.0%   Δp:  4.037%
75.0%   Δp:  0.389%
Median  Δp: -0.002%
25.0%   Δp: -0.538%
10.0%   Δp: -4.407%
 5.0%   Δp: -8.813%
 1.0%   Δp: -24.497%
 0.1%   Δp: -53.530%
Minimum Δp: -74.816%
RMS Δp    :  7.211 ± 0.168 %
Same top p: 93.708 ± 0.219 %

